Selection-1,GBP,3,£18.80,£122.55
Selection-2,EUR,6,€21.00,€138.15
Selection-3,GBP,4,£19.60,£109.40
Selection-4,GBP,4,£15.70,£92.05
Selection-4,EUR,2,€10.65,€74.25
Selection-2,GBP,2,£7.00,£40.10
Selection-1,EUR,1,€3.40,€22.10
Selection-3,EUR,2,€3.20,€14.40