┌────────────────┬──────────┬────────────┬──────────────┬──────────────┐
│ Selection Name │ Currency │ No Of Bets │ Total Stakes │ Total Payout │
├────────────────┼──────────┼────────────┼──────────────┼──────────────┤
│ Selection-1    │ EUR      │ 2          │ €1.75        │ €8.00        │
├────────────────┼──────────┼────────────┼──────────────┼──────────────┤
│ Selection-2    │ GBP      │ 1          │ £1.25        │ £5.00        │
└────────────────┴──────────┴────────────┴──────────────┴──────────────┘